#
# There is insufficient memory for the Java Runtime Environment to continue.
# Native memory allocation (mmap) failed to map 268435456 bytes for G1 virtual space
# Possible reasons:
#   The system is out of physical RAM or swap space
#   The process is running with CompressedOops enabled, and the Java Heap may be blocking the growth of the native heap
# Possible solutions:
#   Reduce memory load on the system
#   Increase physical memory or swap space
#   Check if swap backing store is full
#   Decrease Java heap size (-Xmx/-Xms)
#   Decrease number of Java threads
#   Decrease Java thread stack sizes (-Xss)
#   Set larger code cache with -XX:ReservedCodeCacheSize=
#   JVM is running with Zero Based Compressed Oops mode in which the Java heap is
#     placed in the first 32GB address space. The Java Heap base address is the
#     maximum limit for the native heap growth. Please use -XX:HeapBaseMinAddress
#     to set the Java Heap base and to place the Java Heap above 32GB virtual address.
# This output file may be truncated or incomplete.
#
#  Out of Memory Error (os_windows.cpp:3469), pid=1288, tid=14304
#
# JRE version:  (17.0+35) (build )
# Java VM: Java HotSpot(TM) 64-Bit Server VM (17+35-LTS-2724, mixed mode, sharing, tiered, compressed oops, compressed class ptrs, g1 gc, windows-amd64)
# No core dump will be written. Minidumps are not enabled by default on client versions of Windows
#

---------------  S U M M A R Y ------------

Command Line: com.google.prefab.cli.AppKt --build-system cmake --platform android --abi arm64-v8a --os-version 24 --stl c++_shared --ndk-version 27 --output C:\\Users\\LENOVO\\AppData\\Local\\Temp\\agp-prefab-staging16818059204408362505\\staged-cli-output C:\\Users\\LENOVO\\.gradle\\caches\\9.3.1\\transforms\\1a811400cc0489cd26373fbd36604dfc\\workspace\\transformed\\react-android-0.85.3-release\\prefab C:\\Users\\LENOVO\\.gradle\\caches\\9.3.1\\transforms\\948bc2767943b0aed6251e9b86208553\\workspace\\transformed\\hermes-android-250829098.0.10-release\\prefab C:\\Users\\LENOVO\\.gradle\\caches\\9.3.1\\transforms\\3c01aea05d2737e987399f1309ae090e\\workspace\\transformed\\fbjni-0.7.0\\prefab

Host: Intel(R) Core(TM) i7-4770 CPU @ 3.40GHz, 8 cores, 15G,  Windows 10 , 64 bit Build 19041 (10.0.19041.5915)
Time: Mon Jun  8 12:39:11 2026 India Standard Time elapsed time: 0.008392 seconds (0d 0h 0m 0s)

---------------  T H R E A D  ---------------

Current thread (0x000002107440c140):  JavaThread "Unknown thread" [_thread_in_vm, id=14304, stack(0x0000009a47000000,0x0000009a47100000)]

Stack: [0x0000009a47000000,0x0000009a47100000]
Native frames: (J=compiled Java code, j=interpreted, Vv=VM code, C=native code)
V  [jvm.dll+0x66f8ea]
V  [jvm.dll+0x7ce224]
V  [jvm.dll+0x7cf9ce]
V  [jvm.dll+0x7d0033]
V  [jvm.dll+0x242bb5]
V  [jvm.dll+0x66c909]
V  [jvm.dll+0x6613d2]
V  [jvm.dll+0x30082b]
V  [jvm.dll+0x307db6]
V  [jvm.dll+0x357a0e]
V  [jvm.dll+0x357c3f]
V  [jvm.dll+0x2d7ae8]
V  [jvm.dll+0x2d8a54]
V  [jvm.dll+0x7a00a1]
V  [jvm.dll+0x365781]
V  [jvm.dll+0x77f59c]
V  [jvm.dll+0x3e805f]
V  [jvm.dll+0x3e9b01]
C  [jli.dll+0x527b]
C  [ucrtbase.dll+0x21bb2]
C  [KERNEL32.DLL+0x17374]
C  [ntdll.dll+0x4cc91]


---------------  P R O C E S S  ---------------

Threads class SMR info:
_java_thread_list=0x00007fff8f0b7818, length=0, elements={
}

Java Threads: ( => current thread )

Other Threads:
  0x000002107445b540 GCTaskThread "GC Thread#0" [stack: 0x0000009a47100000,0x0000009a47200000] [id=6468]
  0x000002107446c240 ConcurrentGCThread "G1 Main Marker" [stack: 0x0000009a47200000,0x0000009a47300000] [id=14792]
  0x000002107446d2f0 ConcurrentGCThread "G1 Conc#0" [stack: 0x0000009a47300000,0x0000009a47400000] [id=15128]

[error occurred during error reporting (printing all threads), id 0xc0000005, EXCEPTION_ACCESS_VIOLATION (0xc0000005) at pc=0x00007fff8e9084c7]

VM state: not at safepoint (not fully initialized)

VM Mutex/Monitor currently owned by a thread:  ([mutex/lock_event])
[0x0000021074406b40] Heap_lock - owner thread: 0x000002107440c140

Heap address: 0x0000000701400000, size: 4076 MB, Compressed Oops mode: Zero based, Oop shift amount: 3

CDS archive(s) mapped at: [0x0000000000000000-0x0000000000000000-0x0000000000000000), size 0, SharedBaseAddress: 0x0000000800000000, ArchiveRelocationMode: 0.
Narrow klass base: 0x0000000000000000, Narrow klass shift: 0, Narrow klass range: 0x0

GC Precious Log:
<Empty>

Heap:
 garbage-first heap   total 0K, used 0K [0x0000000701400000, 0x0000000800000000)
  region size 2048K, 0 young (0K), 0 survivors (0K)

[error occurred during error reporting (printing heap information), id 0xc0000005, EXCEPTION_ACCESS_VIOLATION (0xc0000005) at pc=0x00007fff8ece8c59]

GC Heap History (0 events):
No events

Deoptimization events (0 events):
No events

Classes unloaded (0 events):
No events

Classes redefined (0 events):
No events

Internal exceptions (0 events):
No events

VM Operations (0 events):
No events

Events (1 events):
Event: 0.005 Loaded shared library C:\Program Files\Java\jdk-17\bin\java.dll


Dynamic libraries:
0x00007ff709780000 - 0x00007ff709790000 	C:\Program Files\Java\jdk-17\bin\java.exe
0x00007ff80d970000 - 0x00007ff80db68000 	C:\WINDOWS\SYSTEM32\ntdll.dll
0x00007ff80c100000 - 0x00007ff80c1c2000 	C:\WINDOWS\System32\KERNEL32.DLL
0x00007ff80b2b0000 - 0x00007ff80b5a6000 	C:\WINDOWS\System32\KERNELBASE.dll
0x00007ff80b110000 - 0x00007ff80b210000 	C:\WINDOWS\System32\ucrtbase.dll
0x00007fffcc7d0000 - 0x00007fffcc7e8000 	C:\Program Files\Java\jdk-17\bin\jli.dll
0x00007fffb2220000 - 0x00007fffb223a000 	C:\Program Files\Java\jdk-17\bin\VCRUNTIME140.dll
0x00007ff80c380000 - 0x00007ff80c431000 	C:\WINDOWS\System32\ADVAPI32.dll
0x00007ff80d890000 - 0x00007ff80d92e000 	C:\WINDOWS\System32\msvcrt.dll
0x00007ff80ba50000 - 0x00007ff80baef000 	C:\WINDOWS\System32\sechost.dll
0x00007ff80d3d0000 - 0x00007ff80d4f0000 	C:\WINDOWS\System32\RPCRT4.dll
0x00007ff80b0e0000 - 0x00007ff80b107000 	C:\WINDOWS\System32\bcrypt.dll
0x00007ff80c1d0000 - 0x00007ff80c371000 	C:\WINDOWS\System32\USER32.dll
0x00007ff80b630000 - 0x00007ff80b652000 	C:\WINDOWS\System32\win32u.dll
0x00007ff80c440000 - 0x00007ff80c46b000 	C:\WINDOWS\System32\GDI32.dll
0x00007ff80b7c0000 - 0x00007ff80b8d9000 	C:\WINDOWS\System32\gdi32full.dll
0x00007ff80b210000 - 0x00007ff80b2ad000 	C:\WINDOWS\System32\msvcp_win.dll
0x00007ffffa550000 - 0x00007ffffa7eb000 	C:\WINDOWS\WinSxS\amd64_microsoft.windows.common-controls_6595b64144ccf1df_6.0.19041.6456_none_60b8a6cb71f64256\COMCTL32.dll
0x00007ff803750000 - 0x00007ff80375a000 	C:\WINDOWS\SYSTEM32\VERSION.dll
0x00007ff80c070000 - 0x00007ff80c09f000 	C:\WINDOWS\System32\IMM32.DLL
0x00007fffecc30000 - 0x00007fffecc3c000 	C:\Program Files\Java\jdk-17\bin\vcruntime140_1.dll
0x00007fff989a0000 - 0x00007fff98a2d000 	C:\Program Files\Java\jdk-17\bin\msvcp140.dll
0x00007fff8e620000 - 0x00007fff8f1de000 	C:\Program Files\Java\jdk-17\bin\server\jvm.dll
0x00007ff80d4f0000 - 0x00007ff80d4f8000 	C:\WINDOWS\System32\PSAPI.DLL
0x00007ffffbff0000 - 0x00007ffffc017000 	C:\WINDOWS\SYSTEM32\WINMM.dll
0x00007ff802ee0000 - 0x00007ff802ee9000 	C:\WINDOWS\SYSTEM32\WSOCK32.dll
0x00007ff80d750000 - 0x00007ff80d7bb000 	C:\WINDOWS\System32\WS2_32.dll
0x00007ff808e90000 - 0x00007ff808ea2000 	C:\WINDOWS\SYSTEM32\kernel.appcore.dll
0x00007fffe7280000 - 0x00007fffe728a000 	C:\Program Files\Java\jdk-17\bin\jimage.dll
0x00007ffffbdc0000 - 0x00007ffffbfc1000 	C:\WINDOWS\SYSTEM32\DBGHELP.DLL
0x00007ffff9510000 - 0x00007ffff9544000 	C:\WINDOWS\SYSTEM32\dbgcore.DLL
0x00007ff80b000000 - 0x00007ff80b082000 	C:\WINDOWS\System32\bcryptPrimitives.dll
0x00007fff98970000 - 0x00007fff98995000 	C:\Program Files\Java\jdk-17\bin\java.dll

dbghelp: loaded successfully - version: 4.0.5 - missing functions: none
symbol engine: initialized successfully - sym options: 0x614 - pdb path: .;C:\Program Files\Java\jdk-17\bin;C:\WINDOWS\SYSTEM32;C:\WINDOWS\WinSxS\amd64_microsoft.windows.common-controls_6595b64144ccf1df_6.0.19041.6456_none_60b8a6cb71f64256;C:\Program Files\Java\jdk-17\bin\server

VM Arguments:
java_command: com.google.prefab.cli.AppKt --build-system cmake --platform android --abi arm64-v8a --os-version 24 --stl c++_shared --ndk-version 27 --output C:\\Users\\LENOVO\\AppData\\Local\\Temp\\agp-prefab-staging16818059204408362505\\staged-cli-output C:\\Users\\LENOVO\\.gradle\\caches\\9.3.1\\transforms\\1a811400cc0489cd26373fbd36604dfc\\workspace\\transformed\\react-android-0.85.3-release\\prefab C:\\Users\\LENOVO\\.gradle\\caches\\9.3.1\\transforms\\948bc2767943b0aed6251e9b86208553\\workspace\\transformed\\hermes-android-250829098.0.10-release\\prefab C:\\Users\\LENOVO\\.gradle\\caches\\9.3.1\\transforms\\3c01aea05d2737e987399f1309ae090e\\workspace\\transformed\\fbjni-0.7.0\\prefab
java_class_path (initial): C:\\Users\\LENOVO\\.gradle\\caches\\modules-2\\files-2.1\\com.google.prefab\\cli\\2.1.0\\aa32fec809c44fa531f01dcfb739b5b3304d3050\\cli-2.1.0-all.jar
Launcher Type: SUN_STANDARD

[Global flags]
     intx CICompilerCount                          = 4                                         {product} {ergonomic}
     uint ConcGCThreads                            = 2                                         {product} {ergonomic}
     uint G1ConcRefinementThreads                  = 8                                         {product} {ergonomic}
   size_t G1HeapRegionSize                         = 2097152                                   {product} {ergonomic}
    uintx GCDrainStackTargetSize                   = 64                                        {product} {ergonomic}
   size_t InitialHeapSize                          = 268435456                                 {product} {ergonomic}
   size_t MarkStackSize                            = 4194304                                   {product} {ergonomic}
   size_t MaxHeapSize                              = 4273995776                                {product} {ergonomic}
   size_t MinHeapDeltaBytes                        = 2097152                                   {product} {ergonomic}
   size_t MinHeapSize                              = 8388608                                   {product} {ergonomic}
    uintx NonNMethodCodeHeapSize                   = 5839372                                {pd product} {ergonomic}
    uintx NonProfiledCodeHeapSize                  = 122909434                              {pd product} {ergonomic}
    uintx ProfiledCodeHeapSize                     = 122909434                              {pd product} {ergonomic}
    uintx ReservedCodeCacheSize                    = 251658240                              {pd product} {ergonomic}
     bool SegmentedCodeCache                       = true                                      {product} {ergonomic}
   size_t SoftMaxHeapSize                          = 4273995776                             {manageable} {ergonomic}
     bool UseCompressedClassPointers               = true                           {product lp64_product} {ergonomic}
     bool UseCompressedOops                        = true                           {product lp64_product} {ergonomic}
     bool UseG1GC                                  = true                                      {product} {ergonomic}
     bool UseLargePagesIndividualAllocation        = false                                  {pd product} {ergonomic}

Logging:
Log output configuration:
 #0: stdout all=warning uptime,level,tags
 #1: stderr all=off uptime,level,tags

Environment Variables:
JAVA_HOME=C:\Program Files\Java\jdk-17
PATH=c:\Users\LENOVO\AppData\Local\Programs\cursor\resources\app\resources\helpers;C:\Program Files\Common Files\Oracle\Java\javapath;C:\Program Files\Eclipse Adoptium\jdk-21.0.3.9-hotspot\bin;C:\WINDOWS\system32;C:\WINDOWS;C:\WINDOWS\System32\Wbem;C:\WINDOWS\System32\WindowsPowerShell\v1.0\;C:\WINDOWS\System32\OpenSSH\;C:\Users\LENOVO\Downloads\flutter\bin;C:\Users\LENOVO\Downloads\flutter;F:\Downloads\flutter\bin;F:\Downloads\flutter;C:\Users\LENOVO\AppData\Local\Pub\Cache\bin;C:\Program Files\Java\jdk-17\bin;C:\Program Files\nodejs\;C:\Program Files (x86)\Windows Kits\10\Windows Performance Toolkit\;D:\flutter\flutter\bin;C:\Users\LENOVO\AppData\Local\Android\Sdk\tools;C:\Program Files\Common Files\Oracle\Java\javapath;C:\Program Files\Eclipse Adoptium\jdk-21.0.3.9-hotspot\bin;C:\WINDOWS\system32;C:\WINDOWS;C:\WINDOWS\System32\Wbem;C:\WINDOWS\System32\WindowsPowerShell\v1.0\;C:\WINDOWS\System32\OpenSSH\;C:\Users\LENOVO\Downloads\flutter\bin;C:\Users\LENOVO\Downloads\flutter;F:\Downloads\flutter\bin;F:\Downloads\flutter;C:\Users\LENOVO\AppData\Local\Pub\Cache\bin;C:\Program Files\Java\jdk-17\bin;C:\Program Files\nodejs\;C:\Users\LENOVO\AppData\Local\Programs\Python\Python312\Scripts\;C:\Users\LENOVO\AppData\Local\Programs\Python\Python312\;C:\Users\LENOVO\AppData\Local\Programs\Python\Launcher\;C:\Users\LENOVO\AppData\Local\Microsoft\WindowsApps;C:\Users\LENOVO\AppData\Local\Programs\Git\cmd;C:\Users\LENOVO\AppData\Roaming\npm;C:\Users\LENOVO\AppData\Local\Android\Sdk\platform-tools;C:\Users\LENOVO\AppDat;C:\Users\LENOVO\AppData\Local\Programs\cursor\resources\app\bin
USERNAME=LENOVO
OS=Windows_NT
PROCESSOR_IDENTIFIER=Intel64 Family 6 Model 60 Stepping 3, GenuineIntel



---------------  S Y S T E M  ---------------

OS:
 Windows 10 , 64 bit Build 19041 (10.0.19041.5915)
OS uptime: 0 days 19:50 hours

CPU: total 8 (initial active 8) (4 cores per cpu, 2 threads per core) family 6 model 60 stepping 3 microcode 0x27, cx8, cmov, fxsr, ht, mmx, sse, sse2, sse3, ssse3, sse4.1, sse4.2, popcnt, lzcnt, tsc, tscinvbit, avx, avx2, aes, erms, clmul, bmi1, bmi2, fma, vzeroupper, clflush

Memory: 4k page, system-wide physical 16296M (1764M free)
TotalPageFile size 16296M (AvailPageFile size 71M)
current process WorkingSet (physical memory assigned to process): 10M, peak: 10M
current process commit charge ("private bytes"): 60M, peak: 316M

vm_info: Java HotSpot(TM) 64-Bit Server VM (17+35-LTS-2724) for windows-amd64 JRE (17+35-LTS-2724), built on Aug  5 2021 23:28:28 by "mach5one" with MS VC++ 16.8 (VS2019)

END.
